// Jest Snapshot v1, https://goo.gl/fbAQLP

exports[`<Root /> matches snapshot 1`] = `
<div>
  <div
    class="ui center aligned middle aligned grid"
    style="height: 100vh;"
  >
    <div
      class="column"
      style="max-width: 450px;"
    >
      <h2
        class="ui teal center aligned header"
      >
        <img
          class="ui image"
          src="kakao.png"
        />
         Log-in to your account
      </h2>
      <form
        class="ui large form"
      >
        <div
          class="ui stacked segment"
        >
          <div
            class="required field"
          >
            <div
              class="ui fluid left icon input"
            >
              <input
                name="username"
                placeholder="ID"
                required=""
                type="text"
                value=""
              />
              <i
                aria-hidden="true"
                class="user icon"
              />
            </div>
          </div>
          <div
            class="required field"
          >
            <div
              class="ui fluid left icon input"
            >
              <input
                name="password"
                placeholder="Password"
                required=""
                type="password"
                value=""
              />
              <i
                aria-hidden="true"
                class="lock icon"
              />
            </div>
          </div>
          <button
            class="ui teal large fluid button"
          >
            Login
          </button>
        </div>
      </form>
      <div
        class="ui message"
      >
        New to us? 
        <span
          style="color: blue; margin-right: 7px; cursor: pointer;"
        >
          Sign Up
        </span>
      </div>
    </div>
  </div>
</div>
`;
